// Vitest Snapshot v1

exports[`Snapshot > Snapshot Object 1`] = `
{
  "foo": "bar",
}
`;
